<?xml version="1.0" encoding="UTF-8"?>
<TestRun id="77a13ee1-bce8-474c-b64d-b1dad4c4a2b0" name="lideng@NCS-290714WH02 2015-02-05 18:25:09" runUser="NCS\lideng" xmlns="http://microsoft.com/schemas/VisualStudio/TeamTest/2010">
  <TestSettings name="Default Test Settings" id="71f9a2c0-d3f6-4099-a221-9b80a1983555">
    <Deployment runDeploymentRoot="lideng_NCS-290714WH02 2015-02-05 18_25_09">
      <DeploymentItem filename="C:\Users\lideng\Desktop\GitHub\Projects\Projects\c#\MVC\01_Music\01_Music\bin\01_Music.dll" />
    </Deployment>
    <Execution>
      <TestTypeSpecific />
      <AgentRule name="Execution Agents">
      </AgentRule>
    </Execution>
  </TestSettings>
  <Times creation="2015-02-05T18:25:09.9888410+08:00" queuing="2015-02-05T18:25:12.6181039+08:00" start="2015-02-05T18:25:12.9211342+08:00" finish="2015-02-05T18:25:16.2084629+08:00" />
  <ResultSummary outcome="Completed">
    <Counters total="2" executed="2" passed="2" error="0" failed="0" timeout="0" aborted="0" inconclusive="0" passedButRunAborted="0" notRunnable="0" notExecuted="0" disconnected="0" warning="0" completed="0" inProgress="0" pending="0" />
  </ResultSummary>
  <TestDefinitions>
    <UnitTest name="About" storage="c:\users\lideng\desktop\github\projects\projects\c#\mvc\01_music\01_music.tests\bin\debug\01_music.tests.dll" id="d2299e5d-55e8-113f-6358-9705de887804">
      <Execution id="42fd43ec-c2e7-464f-8881-32c7cf516089" />
      <TestMethod codeBase="C:/Users/lideng/Desktop/GitHub/Projects/Projects/c#/MVC/01_Music/01_Music.Tests/bin/Debug/01_Music.Tests.DLL" adapterTypeName="Microsoft.VisualStudio.TestTools.TestTypes.Unit.UnitTestAdapter, Microsoft.VisualStudio.QualityTools.Tips.UnitTest.Adapter, Version=10.0.0.0, Culture=neutral, PublicKeyToken=b03f5f7f11d50a3a" className="_01_Music.Tests.Controllers.HomeControllerTest, 01_Music.Tests, Version=1.0.0.0, Culture=neutral, PublicKeyToken=null" name="About" />
    </UnitTest>
    <UnitTest name="Index" storage="c:\users\lideng\desktop\github\projects\projects\c#\mvc\01_music\01_music.tests\bin\debug\01_music.tests.dll" id="0a7caa90-483f-c32a-0ef6-14842b16152b">
      <Execution id="f74f6586-bee8-42b9-b340-ceab13d9d7cc" />
      <TestMethod codeBase="C:/Users/lideng/Desktop/GitHub/Projects/Projects/c#/MVC/01_Music/01_Music.Tests/bin/Debug/01_Music.Tests.DLL" adapterTypeName="Microsoft.VisualStudio.TestTools.TestTypes.Unit.UnitTestAdapter, Microsoft.VisualStudio.QualityTools.Tips.UnitTest.Adapter, Version=10.0.0.0, Culture=neutral, PublicKeyToken=b03f5f7f11d50a3a" className="_01_Music.Tests.Controllers.HomeControllerTest, 01_Music.Tests, Version=1.0.0.0, Culture=neutral, PublicKeyToken=null" name="Index" />
    </UnitTest>
  </TestDefinitions>
  <TestLists>
    <TestList name="Results Not in a List" id="8c84fa94-04c1-424b-9868-57a2d4851a1d" />
    <TestList name="All Loaded Results" id="19431567-8539-422a-85d7-44ee4e166bda" />
  </TestLists>
  <TestEntries>
    <TestEntry testId="0a7caa90-483f-c32a-0ef6-14842b16152b" executionId="f74f6586-bee8-42b9-b340-ceab13d9d7cc" testListId="8c84fa94-04c1-424b-9868-57a2d4851a1d" />
    <TestEntry testId="d2299e5d-55e8-113f-6358-9705de887804" executionId="42fd43ec-c2e7-464f-8881-32c7cf516089" testListId="8c84fa94-04c1-424b-9868-57a2d4851a1d" />
  </TestEntries>
  <Results>
    <UnitTestResult executionId="f74f6586-bee8-42b9-b340-ceab13d9d7cc" testId="0a7caa90-483f-c32a-0ef6-14842b16152b" testName="Index" computerName="NCS-290714WH02" duration="00:00:00.4208992" startTime="2015-02-05T18:25:13.2631684+08:00" endTime="2015-02-05T18:25:16.0384459+08:00" testType="13cdc9d9-ddb5-4fa4-a97d-d965ccfc6d4b" outcome="Passed" testListId="8c84fa94-04c1-424b-9868-57a2d4851a1d" relativeResultsDirectory="f74f6586-bee8-42b9-b340-ceab13d9d7cc">
    </UnitTestResult>
    <UnitTestResult executionId="42fd43ec-c2e7-464f-8881-32c7cf516089" testId="d2299e5d-55e8-113f-6358-9705de887804" testName="About" computerName="NCS-290714WH02" duration="00:00:00.0237373" startTime="2015-02-05T18:25:16.0654486+08:00" endTime="2015-02-05T18:25:16.0964517+08:00" testType="13cdc9d9-ddb5-4fa4-a97d-d965ccfc6d4b" outcome="Passed" testListId="8c84fa94-04c1-424b-9868-57a2d4851a1d" relativeResultsDirectory="42fd43ec-c2e7-464f-8881-32c7cf516089">
    </UnitTestResult>
  </Results>
</TestRun>