<?xml version="1.0" encoding="UTF-8"?>
<TestRun id="02f01ff2-4040-4ea0-a76b-05cb310b1bfd" name="lideng@NCS-290714WH02 2015-02-05 18:25:33" runUser="NCS\lideng" xmlns="http://microsoft.com/schemas/VisualStudio/TeamTest/2010">
  <TestSettings name="Default Test Settings" id="1ca02b2f-bdd9-43d7-9d6b-8a032ef0c8ee">
    <Deployment runDeploymentRoot="lideng_NCS-290714WH02 2015-02-05 18_25_33">
      <DeploymentItem filename="C:\Users\lideng\Desktop\GitHub\Projects\Projects\c#\MVC\01_Music\01_Music\bin\01_Music.dll" />
    </Deployment>
    <Execution>
      <TestTypeSpecific />
      <AgentRule name="Execution Agents">
      </AgentRule>
    </Execution>
  </TestSettings>
  <Times creation="2015-02-05T18:25:33.7202139+08:00" queuing="2015-02-05T18:25:35.8824301+08:00" start="2015-02-05T18:25:36.1844603+08:00" finish="2015-02-05T18:25:39.7408159+08:00" />
  <ResultSummary outcome="Completed">
    <Counters total="2" executed="2" passed="2" error="0" failed="0" timeout="0" aborted="0" inconclusive="0" passedButRunAborted="0" notRunnable="0" notExecuted="0" disconnected="0" warning="0" completed="0" inProgress="0" pending="0" />
  </ResultSummary>
  <TestDefinitions>
    <UnitTest name="About" storage="c:\users\lideng\desktop\github\projects\projects\c#\mvc\01_music\01_music.tests\bin\debug\01_music.tests.dll" id="d2299e5d-55e8-113f-6358-9705de887804">
      <Execution id="1a0d5fb3-84ca-4aa1-bde5-199d5d26a48c" />
      <TestMethod codeBase="C:/Users/lideng/Desktop/GitHub/Projects/Projects/c#/MVC/01_Music/01_Music.Tests/bin/Debug/01_Music.Tests.DLL" adapterTypeName="Microsoft.VisualStudio.TestTools.TestTypes.Unit.UnitTestAdapter, Microsoft.VisualStudio.QualityTools.Tips.UnitTest.Adapter, Version=10.0.0.0, Culture=neutral, PublicKeyToken=b03f5f7f11d50a3a" className="_01_Music.Tests.Controllers.HomeControllerTest, 01_Music.Tests, Version=1.0.0.0, Culture=neutral, PublicKeyToken=null" name="About" />
    </UnitTest>
    <UnitTest name="Index" storage="c:\users\lideng\desktop\github\projects\projects\c#\mvc\01_music\01_music.tests\bin\debug\01_music.tests.dll" id="0a7caa90-483f-c32a-0ef6-14842b16152b">
      <Execution id="2483444f-ea9a-4423-bcf0-8d03de7513ba" />
      <TestMethod codeBase="C:/Users/lideng/Desktop/GitHub/Projects/Projects/c#/MVC/01_Music/01_Music.Tests/bin/Debug/01_Music.Tests.DLL" adapterTypeName="Microsoft.VisualStudio.TestTools.TestTypes.Unit.UnitTestAdapter, Microsoft.VisualStudio.QualityTools.Tips.UnitTest.Adapter, Version=10.0.0.0, Culture=neutral, PublicKeyToken=b03f5f7f11d50a3a" className="_01_Music.Tests.Controllers.HomeControllerTest, 01_Music.Tests, Version=1.0.0.0, Culture=neutral, PublicKeyToken=null" name="Index" />
    </UnitTest>
  </TestDefinitions>
  <TestLists>
    <TestList name="Results Not in a List" id="8c84fa94-04c1-424b-9868-57a2d4851a1d" />
    <TestList name="All Loaded Results" id="19431567-8539-422a-85d7-44ee4e166bda" />
  </TestLists>
  <TestEntries>
    <TestEntry testId="0a7caa90-483f-c32a-0ef6-14842b16152b" executionId="2483444f-ea9a-4423-bcf0-8d03de7513ba" testListId="8c84fa94-04c1-424b-9868-57a2d4851a1d" />
    <TestEntry testId="d2299e5d-55e8-113f-6358-9705de887804" executionId="1a0d5fb3-84ca-4aa1-bde5-199d5d26a48c" testListId="8c84fa94-04c1-424b-9868-57a2d4851a1d" />
  </TestEntries>
  <Results>
    <UnitTestResult executionId="2483444f-ea9a-4423-bcf0-8d03de7513ba" testId="0a7caa90-483f-c32a-0ef6-14842b16152b" testName="Index" computerName="NCS-290714WH02" duration="00:00:00.7325827" startTime="2015-02-05T18:25:36.4874906+08:00" endTime="2015-02-05T18:25:39.6218040+08:00" testType="13cdc9d9-ddb5-4fa4-a97d-d965ccfc6d4b" outcome="Passed" testListId="8c84fa94-04c1-424b-9868-57a2d4851a1d" relativeResultsDirectory="2483444f-ea9a-4423-bcf0-8d03de7513ba">
    </UnitTestResult>
    <UnitTestResult executionId="1a0d5fb3-84ca-4aa1-bde5-199d5d26a48c" testId="d2299e5d-55e8-113f-6358-9705de887804" testName="About" computerName="NCS-290714WH02" duration="00:00:00.0211452" startTime="2015-02-05T18:25:39.6398058+08:00" endTime="2015-02-05T18:25:39.6718090+08:00" testType="13cdc9d9-ddb5-4fa4-a97d-d965ccfc6d4b" outcome="Passed" testListId="8c84fa94-04c1-424b-9868-57a2d4851a1d" relativeResultsDirectory="1a0d5fb3-84ca-4aa1-bde5-199d5d26a48c">
    </UnitTestResult>
  </Results>
</TestRun>